Warning: Derate summary report is only shown for full_clock_expanded paths. (UITE-431)
****************************************
Report : timing
	-path_type full
	-delay_type min
	-input_pins
	-nets
	-slack_lesser_than 9999.00
	-max_paths 1000
	-group COMB
	-transition_time
	-capacitance
	-crosstalk_delta
	-derate
	-sort_by slack
Design : fdkex
Version: J-2014.06-SP2
Date   : Tue Mar 31 10:29:42 2015
****************************************


  Startpoint: scan_enable
               (input port clocked by clk)
  Endpoint: flag_ded0 (output port clocked by clk)
  Path Group: COMB
  Path Type: min

  Point                            Fanout   Cap    DTrans   Trans    Derate   Delta     Incr       Path
  --------------------------------------------------------------------------------------------------------
  clock clk (rise edge)                                                                 0.00       0.00
  clock network delay (propagated)                                                      0.00       0.00
  input external delay                                                                333.33     333.33 r
  scan_enable (in)                                          11.30                       6.47 &   339.80 r
  scan_enable (net)                  2     1.59 
  post_place107/a (d04inn00yn0b5)                   0.00    11.31     1.00     0.00     0.21 &   340.01 r
  post_place107/o1 (d04inn00yn0b5)                           7.28     1.00              6.40 &   346.41 f
  n3193 (net)                        2     3.28 
  post_place318/a (d04inn00ynuf5)                   0.00     7.36     1.00     0.00     0.54 &   346.95 f
  post_place318/o1 (d04inn00ynuf5)                           7.33     1.00              5.62 &   352.57 r
  n3502 (net)                        4     7.29 
  place1555/a (d04inn00ynue3)                       0.00     8.29     1.00     0.00     1.20 &   353.77 r
  place1555/o1 (d04inn00ynue3)                               5.17     1.00              4.95 &   358.72 f
  n2097 (net)                        2     5.30 
  post_place531/b (d04nab02yn0f0)                   0.00     5.40     1.00     0.00     0.79 &   359.50 f
  post_place531/out (d04nab02yn0f0)                          7.07     1.00              5.01 &   364.51 r
  n3643 (net)                        1     5.79 
  place859/b (d04nan02yd0g0)                       -1.14     9.50     1.00    -0.72     2.52 &   367.04 r
  place859/o1 (d04nan02yd0g0)                               12.71     1.00              7.64 &   374.68 f
  flag_ded0 (net)                    1    11.49 
  flag_ded0 (out)                                   0.00    14.75     1.00     0.00     4.37 &   379.05 f
  data arrival time                                                                              379.05

  clock clk (rise edge)                                                                 0.00       0.00
  clock network delay (propagated)                                                      0.00       0.00
  clock reconvergence pessimism                                                         0.00       0.00
  clock uncertainty                                                                    50.00      50.00
  output external delay                                                              -333.33    -283.33
  data required time                                                                            -283.33
  --------------------------------------------------------------------------------------------------------
  data required time                                                                            -283.33
  data arrival time                                                                             -379.05
  --------------------------------------------------------------------------------------------------------
  slack (MET)                                                                                    662.39


  Startpoint: scan_enable
               (input port clocked by clk)
  Endpoint: flag_ded_alu
               (output port clocked by clk)
  Path Group: COMB
  Path Type: min

  Point                           Fanout   Cap    DTrans   Trans    Derate   Delta     Incr       Path
  -------------------------------------------------------------------------------------------------------
  clock clk (rise edge)                                                                0.00       0.00
  clock network delay (propagated)                                                     0.00       0.00
  input external delay                                                               333.33     333.33 f
  scan_enable (in)                                          5.11                       3.56 &   336.89 f
  scan_enable (net)                 2     1.53 
  post_place107/a (d04inn00yn0b5)                  0.00     5.12     1.00     0.00     0.20 &   337.09 f
  post_place107/o1 (d04inn00yn0b5)                          9.66     1.00              7.99 &   345.09 r
  n3193 (net)                       2     3.49 
  post_place318/a (d04inn00ynuf5)                  0.00     9.73     1.00     0.00     0.58 &   345.66 r
  post_place318/o1 (d04inn00ynuf5)                          6.52     1.00              4.79 &   350.46 f
  n3502 (net)                       4     6.99 
  post_place106/a (d04inn00ynuf5)                  0.00     7.36     1.00     0.00     1.17 &   351.63 f
  post_place106/o1 (d04inn00ynuf5)                          3.30     1.00              3.84 &   355.47 r
  n1754 (net)                       1     2.61 
  post_place97/a (d04inn00ynuf5)                   0.00     3.37     1.00     0.00     0.33 &   355.80 r
  post_place97/o1 (d04inn00ynuf5)                           4.11     1.00              3.23 &   359.03 f
  n3236 (net)                       2     4.98 
  post_place105/b (d04orn02yd0f7)                  0.00     5.26     1.00     0.00     1.69 &   360.72 f
  post_place105/o (d04orn02yd0f7)                           4.72     1.00             12.27 &   372.99 f
  n3642 (net)                       1     4.11 
  post_place532/b (d04nan02yd0i0)                  0.00     4.96     1.00     0.00     0.76 &   373.75 f
  post_place532/o1 (d04nan02yd0i0)                          6.53     1.00              4.97 &   378.72 r
  flag_ded_alu (net)                1    10.71 
  flag_ded_alu (out)                               0.00     9.97     1.00     0.00     4.18 &   382.90 r
  data arrival time                                                                             382.90

  clock clk (rise edge)                                                                0.00       0.00
  clock network delay (propagated)                                                     0.00       0.00
  clock reconvergence pessimism                                                        0.00       0.00
  clock uncertainty                                                                   50.00      50.00
  output external delay                                                             -333.33    -283.33
  data required time                                                                           -283.33
  -------------------------------------------------------------------------------------------------------
  data required time                                                                           -283.33
  data arrival time                                                                            -382.90
  -------------------------------------------------------------------------------------------------------
  slack (MET)                                                                                   666.23


1
