1.  din_ecc0[43] (driver: <none>)
2.  *Logic0* (driver: pin Logic0/output)
3.  check_ecc_alu0/*Logic0* (driver: pin check_ecc_alu0/Logic0/output)
****************************************
Report : annotated_parasitics
	-check
	-internal_nets
	-boundary_nets
	-list_not_annotated
	-max_nets 10
Design : fdkex
Version: J-2014.06-SP2
Date   : Tue Mar 31 10:16:29 2015
****************************************

                    |         |         |         |   RC    | Coupled |   Not   |
Net Type            |  Total  | Lumped  |  RC pi  | network | network |Annotated|
--------------------+---------+---------+---------+---------+---------+---------+
Internal nets       |         |         |         |         |         |         |
  - Pin to pin nets |   59118 |       0 |       0 |    1198 |   57918 |       2 |
  - Driverless nets |       1 |       0 |       0 |       0 |       0 |       1 |
  - Loadless nets   |       0 |       0 |       0 |       0 |       0 |       0 |
--------------------+---------+---------+---------+---------+---------+---------+
Boundary/port nets  |         |         |         |         |         |         |
  - Pin to pin nets |     309 |       0 |       0 |      10 |     299 |       0 |
  - Driverless nets |       0 |       0 |       0 |       0 |       0 |       0 |
  - Loadless nets   |       0 |       0 |       0 |       0 |       0 |       0 |
--------------------+---------+---------+---------+---------+---------+---------+
                    |   59428 |       0 |       0 |    1208 |   58217 |       3 |

1
