Warning: Inconsistent library data found for layer m6. (RCEX-018)
Warning: Inconsistent library data found for layer m8. (RCEX-018)
Information: Layer m9 is ignored for resistance and capacitance computation. (RCEX-019)
Information: Layer tm1 is ignored for resistance and capacitance computation. (RCEX-019)
Information: Layer c4 is ignored for resistance and capacitance computation. (RCEX-019)
****************************************************************
Information: TLUPlus based RC computation is enabled. (RCEX-141)
****************************************************************
Information: The distance unit in Capacitance and Resistance is 1 micron. (RCEX-007)
Information: The RC model used is TLU+. (RCEX-015)
Information: Library Derived Cap for layer m0 : 0.16 0.16 (RCEX-011)
Information: Library Derived Res for layer m0 : 0.11 0.11 (RCEX-011)
Information: Library Derived Cap for layer m1 : 0.19 0.19 (RCEX-011)
Information: Library Derived Res for layer m1 : 0.056 0.056 (RCEX-011)
Information: Library Derived Cap for layer m2 : 0.21 0.21 (RCEX-011)
Information: Library Derived Res for layer m2 : 0.062 0.062 (RCEX-011)
Information: Library Derived Cap for layer m3 : 0.2 0.2 (RCEX-011)
Information: Library Derived Res for layer m3 : 0.064 0.064 (RCEX-011)
Information: Library Derived Cap for layer m4 : 0.21 0.21 (RCEX-011)
Information: Library Derived Res for layer m4 : 0.05 0.05 (RCEX-011)
Information: Library Derived Cap for layer m5 : 0.2 0.2 (RCEX-011)
Information: Library Derived Res for layer m5 : 0.062 0.062 (RCEX-011)
Information: Library Derived Cap for layer m6 : 0.21 0.21 (RCEX-011)
Information: Library Derived Res for layer m6 : 0.013 0.013 (RCEX-011)
Information: Library Derived Cap for layer m7 : 0.2 0.2 (RCEX-011)
Information: Library Derived Res for layer m7 : 0.006 0.006 (RCEX-011)
Information: Library Derived Cap for layer m8 : 0.19 0.19 (RCEX-011)
Information: Library Derived Res for layer m8 : 0.001 0.001 (RCEX-011)
Information: Library Derived Cap for layer m9 : 0.33 0.33 (RCEX-011)
Information: Library Derived Res for layer m9 : 2.9e-05 2.9e-05 (RCEX-011)
Information: Library Derived Cap for layer tm1 : 0.51 0.51 (RCEX-011)
Information: Library Derived Res for layer tm1 : 6.5e-07 6.5e-07 (RCEX-011)
Information: Library Derived Cap for layer c4 : 0.7 0.7 (RCEX-011)
Information: Library Derived Res for layer c4 : 0 0 (RCEX-011)
Information: Library Derived Horizontal Cap : 0.19 0.19 (RCEX-011)
Information: Library Derived Horizontal Res : 0.048 0.048 (RCEX-011)
Information: Library Derived Vertical Cap : 0.2 0.2 (RCEX-011)
Information: Library Derived Vertical Res : 0.047 0.047 (RCEX-011)
Information: Using derived R and C coefficients. (RCEX-008)
Information: Using region-based R and C coefficients. (RCEX-013)
Information: Library Derived Via Res : 0.041 0.041 (RCEX-011)

Running DFT insertion in topographical mode.
Warning: Design 'fdkex' contains 5 high-fanout nets. A fanout number of 1000 will be used for delay calculations involving these nets. (TIM-134)
  Information: Using test design rule information from previous dft_drc run.
  Architecting Scan Chains
  Routing Scan Chains
  Routing Global Signals
  Mapping New Logic
Resetting current test mode
Warning: Design 'fdkex' contains 3 high-fanout nets. A fanout number of 1000 will be used for delay calculations involving these nets. (TIM-134)

1
