 
****************************************
Report : Scan path
Design : fdkex
Version: J-2014.09
Date   : Tue Mar 31 00:36:22 2015
****************************************

========================================
TEST MODE: all_dft
VIEW     : Specification
========================================
No scan path defined in this mode.

========================================
TEST MODE: Internal_scan
VIEW     : Specification
========================================
No scan path defined in this mode.

========================================
TEST MODE: Mission_mode
VIEW     : Specification
========================================
No scan path defined in this mode.

 
****************************************
Report : Scan path
Design : fdkex
Version: J-2014.09
Date   : Tue Mar 31 00:36:22 2015
****************************************

========================================
TEST MODE: all_dft_user
VIEW     : Existing DFT
========================================

========================================
AS SPECIFIED BY USER
========================================


========================================
AS BUILT BY insert_dft
========================================

No scan path defined in this mode.

========================================
TEST MODE: all_dft_protocol
VIEW     : Existing DFT
========================================

========================================
AS SPECIFIED BY USER
========================================


========================================
AS BUILT BY insert_dft
========================================

No scan path defined in this mode.

========================================
TEST MODE: all_dft
VIEW     : Existing DFT
========================================

========================================
AS SPECIFIED BY USER
========================================


========================================
AS BUILT BY insert_dft
========================================

No scan path defined in this mode.

========================================
TEST MODE: Internal_scan_user
VIEW     : Existing DFT
========================================

========================================
AS SPECIFIED BY USER
========================================


========================================
AS BUILT BY insert_dft
========================================

No scan path defined in this mode.

========================================
TEST MODE: Internal_scan_protocol
VIEW     : Existing DFT
========================================

========================================
AS SPECIFIED BY USER
========================================


========================================
AS BUILT BY insert_dft
========================================

No scan path defined in this mode.

========================================
TEST MODE: Internal_scan
VIEW     : Existing DFT
========================================

========================================
AS SPECIFIED BY USER
========================================


========================================
AS BUILT BY insert_dft
========================================

Scan_path    Len   ScanDataIn  ScanDataOut ScanEnable  MasterClock SlaveClock
-----------  ----- ----------- ----------- ----------- ----------- -----------
I 1          750   test_si1    flag_ded_alu scan_enable clk        -
I 2          750   test_si2    flag_ded0   scan_enable clk         -
I 3          750   test_si3    test_so3    scan_enable clk         -
I 4          750   test_si4    test_so4    scan_enable clk         -
I 5          750   test_si5    test_so5    scan_enable clk         -
I 6          750   test_si6    test_so6    scan_enable clk         -
I 7          750   test_si7    test_so7    scan_enable clk         -
I 8          750   test_si8    test_so8    scan_enable clk         -
I 9          750   test_si9    test_so9    scan_enable clk         -
I 10         750   test_si10   test_so10   scan_enable clk         -
I 11         750   test_si11   test_so11   scan_enable clk         -
I 12         750   test_si12   test_so12   scan_enable clk         -
I 13         750   test_si13   test_so13   scan_enable clk         -
I 14         750   test_si14   test_so14   scan_enable clk         -
I 15         750   test_si15   test_so15   scan_enable clk         -
I 16         750   test_si16   test_so16   scan_enable clk         -
I 17         750   test_si17   test_so17   scan_enable clk         -
I 18         750   test_si18   test_so18   scan_enable clk         -
I 19         429   test_si19   test_so19   scan_enable clk         -

========================================
TEST MODE: Mission_mode_user
VIEW     : Existing DFT
========================================

========================================
AS SPECIFIED BY USER
========================================


========================================
AS BUILT BY insert_dft
========================================

No scan path defined in this mode.

========================================
TEST MODE: Mission_mode_protocol
VIEW     : Existing DFT
========================================

========================================
AS SPECIFIED BY USER
========================================


========================================
AS BUILT BY insert_dft
========================================

No scan path defined in this mode.

========================================
TEST MODE: Mission_mode
VIEW     : Existing DFT
========================================

========================================
AS SPECIFIED BY USER
========================================


========================================
AS BUILT BY insert_dft
========================================

No scan path defined in this mode.

0
