 
****************************************
Report : DFT signals
Design : fdkex
Version: J-2014.09
Date   : Tue Mar 31 00:54:54 2015
****************************************

========================================
TEST MODE: all_dft
VIEW     : Specification
========================================
Port               SignalType          Active    Hookup    Timing    Usage
----------         ----------          ------    ------    ------    -----
scan_enable        ScanEnable          1         -         -         -
test_tm            TestMode            1         -         -         ClockGating

========================================
TEST MODE: Internal_scan
VIEW     : Specification
========================================
Port               SignalType          Active    Hookup    Timing    Usage
----------         ----------          ------    ------    ------    -----
scan_enable        ScanEnable          1         -         -         -
test_tm            TestMode            1         -         -         ClockGating

========================================
TEST MODE: Mission_mode
VIEW     : Specification
========================================
Port               SignalType          Active    Hookup    Timing    Usage
----------         ----------          ------    ------    ------    -----
scan_enable        ScanEnable          1         -         -         -
test_tm            TestMode            1         -         -         ClockGating

 
****************************************
Report : DFT signals
Design : fdkex
Version: J-2014.09
Date   : Tue Mar 31 00:54:54 2015
****************************************

========================================
TEST MODE: all_dft
VIEW     : Existing DFT
========================================
Port               SignalType          Active    Hookup    Timing    Usage
----------         ----------          ------    ------    ------    -----
clk                ScanMasterClock     1         -         P 100.0 R 45.0 F 55.0
clk                MasterClock         1         -         P 100.0 R 45.0 F 55.0
rstb               Reset               0         -         P 100.0 R 55.0 F 45.0
========================================
TEST MODE: Internal_scan
VIEW     : Existing DFT
========================================
Port               SignalType          Active    Hookup    Timing    Usage
----------         ----------          ------    ------    ------    -----
clk                ScanMasterClock     1         -         P 100.0 R 45.0 F 55.0
clk                MasterClock         1         -         P 100.0 R 45.0 F 55.0
rstb               Reset               0         -         P 100.0 R 55.0 F 45.0
test_tm            TestMode            1         -
test_so19          ScanDataOut         -         -
test_so18          ScanDataOut         -         -
test_so17          ScanDataOut         -         -
test_so16          ScanDataOut         -         -
test_so15          ScanDataOut         -         -
test_so14          ScanDataOut         -         -
test_so13          ScanDataOut         -         -
test_so12          ScanDataOut         -         -
test_so11          ScanDataOut         -         -
test_so10          ScanDataOut         -         -
test_so9           ScanDataOut         -         -
test_so8           ScanDataOut         -         -
test_so7           ScanDataOut         -         -
test_so6           ScanDataOut         -         -
test_so5           ScanDataOut         -         -
test_so4           ScanDataOut         -         -
test_so3           ScanDataOut         -         -
flag_ded_alu       ScanDataOut         -         -
flag_ded0          ScanDataOut         -         -
test_si19          ScanDataIn          -         -
test_si18          ScanDataIn          -         -
test_si17          ScanDataIn          -         -
test_si16          ScanDataIn          -         -
test_si15          ScanDataIn          -         -
test_si14          ScanDataIn          -         -
test_si13          ScanDataIn          -         -
test_si12          ScanDataIn          -         -
test_si11          ScanDataIn          -         -
test_si10          ScanDataIn          -         -
test_si9           ScanDataIn          -         -
test_si8           ScanDataIn          -         -
test_si7           ScanDataIn          -         -
test_si6           ScanDataIn          -         -
test_si5           ScanDataIn          -         -
test_si4           ScanDataIn          -         -
test_si3           ScanDataIn          -         -
test_si2           ScanDataIn          -         -
test_si1           ScanDataIn          -         -
scan_enable        ScanEnable          1         -
========================================
TEST MODE: Mission_mode
VIEW     : Existing DFT
========================================
Port               SignalType          Active    Hookup    Timing    Usage
----------         ----------          ------    ------    ------    -----
clk                ScanMasterClock     1         -         P 100.0 R 45.0 F 55.0
clk                MasterClock         1         -         P 100.0 R 45.0 F 55.0
rstb               Reset               0         -         P 100.0 R 55.0 F 45.0
test_tm            TestMode            -         -

1
