
  Linking design 'fdkex'
  Using the following designs and libraries:
  --------------------------------------------------------------------------
  * (12 designs)              /nfs/ch/disks/icf_fdk_regression001/nightly_adf_kit_build_regr/builds_regr/nightly/1273/dot3/synopsys/2015-03-31/runs/d04/fdkex_SCAN/syn/fdkex.db, etc
  d04_ln_p1273_3x1r6u1_psss_0.75v_-10c_ccst (library) /p/fdk/fdk73/builds/stdcells/stdcell733_d.0.0/ccs/ln/d04_ln_p1273_3x1r6u1_psss_0.75v_-10c_ccst.ldb
  d04_nn_p1273_3x1r6u1_psss_0.75v_-10c_ccst (library) /p/fdk/fdk73/builds/stdcells/stdcell733_d.0.0/ccs/nn/d04_nn_p1273_3x1r6u1_psss_0.75v_-10c_ccst.ldb
  d04_wn_p1273_3x1r6u1_psss_0.75v_-10c_ccst (library) /p/fdk/fdk73/builds/stdcells/stdcell733_d.0.0/ccs/wn/d04_wn_p1273_3x1r6u1_psss_0.75v_-10c_ccst.ldb
  d04_yn_p1273_3x1r6u1_psss_0.75v_-10c_ccst (library) /p/fdk/fdk73/builds/stdcells/stdcell733_d.0.0/ccs/yn/d04_yn_p1273_3x1r6u1_psss_0.75v_-10c_ccst.ldb
  dw_foundation.sldb (library) /p/foundry/eda/em64t_SLES11/designcompiler/J-2014.09/libraries/syn/dw_foundation.sldb

1
