****************************************
Report : Switching Activity
	
Design : fdkex
Version: J-2014.06-SP2
Date   : Tue Mar 31 10:16:56 2015
****************************************

 Switching Activity Overview Statistics for "fdkex"
----------------------------------------------------------------------------------------------------------------------------------------------------
                  From Activity     From         From         From                                                         Not
Object Type       File (%)          SSA (%)      SCA (%)      Clock (%)    Default (%)     Propagated(%)   Implied(%)      Annotated(%)    Total
----------------------------------------------------------------------------------------------------------------------------------------------------
 Nets             0(0.00%)          0(0.00%)     0(0.00%)     1(0.00%)     161(0.27%)      55761(93.83%)   3505(5.90%)     0(0.00%)        59428
----------------------------------------------------------------------------------------------------------------------------------------------------
Nets Driven by
----------------------------------------------------------------------------------------------------------------------------------------------------
Primary Input     0(0.00%)          0(0.00%)     0(0.00%)     1(0.62%)     160(99.38%)     0(0.00%)        0(0.00%)        0(0.00%)        161
Tri-State         0(0%)             0(0%)        0(0%)        0(0%)        0(0%)           0(0%)           0(0%)           0(0%)           0
Black Box         0(0%)             0(0%)        0(0%)        0(0%)        0(0%)           0(0%)           0(0%)           0(0%)           0
Sequential        0(0.00%)          0(0.00%)     0(0.00%)     0(0.00%)     0(0.00%)        13948(100.00%)  0(0.00%)        0(0.00%)        13948
Combinational     0(0.00%)          0(0.00%)     0(0.00%)     0(0.00%)     1(0.00%)        40957(92.11%)   3505(7.88%)     0(0.00%)        44463
Memory            0(0%)             0(0%)        0(0%)        0(0%)        0(0%)           0(0%)           0(0%)           0(0%)           0
Clock Gate        0(0.00%)          0(0.00%)     0(0.00%)     0(0.00%)     0(0.00%)        856(100.00%)    0(0.00%)        0(0.00%)        856
----------------------------------------------------------------------------------------------------------------------------------------------------
 Static Probability Overview Statistics for "fdkex"
----------------------------------------------------------------------------------------------------------------------------------------------------
                  From Activity     From         From         From                                                         Not
Object Type       File (%)          SSA (%)      SCA (%)      Clock (%)    Default (%)     Propagated(%)   Implied(%)      Annotated(%)    Total
----------------------------------------------------------------------------------------------------------------------------------------------------
 Nets             0(0.00%)          0(0.00%)     0(0.00%)     1(0.00%)     161(0.27%)      55761(93.83%)   3505(5.90%)     0(0.00%)        59428
----------------------------------------------------------------------------------------------------------------------------------------------------
Nets Driven by
----------------------------------------------------------------------------------------------------------------------------------------------------
Primary Input     0(0.00%)          0(0.00%)     0(0.00%)     1(0.62%)     160(99.38%)     0(0.00%)        0(0.00%)        0(0.00%)        161
Tri-State         0(0%)             0(0%)        0(0%)        0(0%)        0(0%)           0(0%)           0(0%)           0(0%)           0
Black Box         0(0%)             0(0%)        0(0%)        0(0%)        0(0%)           0(0%)           0(0%)           0(0%)           0
Sequential        0(0.00%)          0(0.00%)     0(0.00%)     0(0.00%)     0(0.00%)        13948(100.00%)  0(0.00%)        0(0.00%)        13948
Combinational     0(0.00%)          0(0.00%)     0(0.00%)     0(0.00%)     1(0.00%)        40957(92.11%)   3505(7.88%)     0(0.00%)        44463
Memory            0(0%)             0(0%)        0(0%)        0(0%)        0(0%)           0(0%)           0(0%)           0(0%)           0
Clock Gate        0(0.00%)          0(0.00%)     0(0.00%)     0(0.00%)     0(0.00%)        856(100.00%)    0(0.00%)        0(0.00%)        856
----------------------------------------------------------------------------------------------------------------------------------------------------
1
