****************************************
Report : constraint
	-all_violators
	-path slack_only
	-max_delay
Design : fdkex
Version: J-2014.06-SP2
Date   : Tue Mar 31 10:29:39 2015
****************************************


   max_delay/setup ('clock_gating_default' group)

   Endpoint                                                  Slack
   -----------------------------------------------------------------
   fifo2/clk_gate_data_mem_reg_1__0_latch/en                 -8.26  (VIOLATED)
   fifo2/clk_gate_data_mem_reg_6__5_latch/en                 -3.10  (VIOLATED)
   fifo2/clk_gate_data_mem_reg_17__4_latch/en                -2.36  (VIOLATED)

   max_delay/setup ('COMB' group)

   Endpoint                                                  Slack
   -----------------------------------------------------------------
   flag_ded_alu                                            -328.30  (VIOLATED)
   flag_ded0                                               -325.99  (VIOLATED)

   max_delay/setup ('INPUTS' group)

   Endpoint                                                  Slack
   -----------------------------------------------------------------
   gen_ecc_in0_ecc_reg_1_/d                                  -3.18  (VIOLATED)
   gen_ecc_in0_ecc_reg_2_/d                                  -0.67  (VIOLATED)

   max_delay/setup ('OUTPUTS' group)

   Endpoint                                                  Slack
   -----------------------------------------------------------------
   test_so18                                               -573.60  (VIOLATED)
   test_so14                                               -567.68  (VIOLATED)
   test_so17                                               -565.07  (VIOLATED)
   flag_ded_alu                                            -559.83  (VIOLATED)
   test_so19                                               -558.26  (VIOLATED)
   test_so6                                                -557.09  (VIOLATED)
   test_so12                                               -555.31  (VIOLATED)
   test_so11                                               -554.30  (VIOLATED)
   test_so3                                                -548.11  (VIOLATED)
   test_so13                                               -545.72  (VIOLATED)
   test_so8                                                -545.34  (VIOLATED)
   test_so7                                                -543.79  (VIOLATED)
   test_so15                                               -543.35  (VIOLATED)
   test_so10                                               -543.12  (VIOLATED)
   flag_ded0                                               -542.17  (VIOLATED)
   test_so9                                                -537.08  (VIOLATED)
   test_so5                                                -536.70  (VIOLATED)
   test_so16                                               -534.75  (VIOLATED)
   test_so4                                                -531.77  (VIOLATED)
   dout[94]                                                -351.56  (VIOLATED)
   dout[8]                                                 -345.85  (VIOLATED)
   dout[90]                                                -345.75  (VIOLATED)
   dout[3]                                                 -344.96  (VIOLATED)
   dout[15]                                                -344.37  (VIOLATED)
   dout[89]                                                -343.89  (VIOLATED)
   dout[40]                                                -343.08  (VIOLATED)
   dout[103]                                               -342.93  (VIOLATED)
   dout[88]                                                -341.70  (VIOLATED)
   dout[7]                                                 -341.44  (VIOLATED)
   dout[39]                                                -340.93  (VIOLATED)
   dout[26]                                                -340.75  (VIOLATED)
   dout[13]                                                -339.18  (VIOLATED)
   dout[18]                                                -338.81  (VIOLATED)
   dout[22]                                                -338.80  (VIOLATED)
   dout[91]                                                -338.63  (VIOLATED)
   dout[0]                                                 -338.47  (VIOLATED)
   dout[24]                                                -337.38  (VIOLATED)
   dout[16]                                                -337.21  (VIOLATED)
   dout[117]                                               -336.92  (VIOLATED)
   dout[127]                                               -336.87  (VIOLATED)
   dout[37]                                                -336.70  (VIOLATED)
   dout[97]                                                -336.66  (VIOLATED)
   dout[113]                                               -336.64  (VIOLATED)
   dout[115]                                               -335.32  (VIOLATED)
   dout[72]                                                -335.23  (VIOLATED)
   dout[38]                                                -335.20  (VIOLATED)
   dout[32]                                                -334.83  (VIOLATED)
   dout[61]                                                -334.52  (VIOLATED)
   dout[92]                                                -334.42  (VIOLATED)
   dout[35]                                                -333.83  (VIOLATED)
   dout[101]                                               -333.39  (VIOLATED)
   dout[102]                                               -333.03  (VIOLATED)
   dout[34]                                                -332.65  (VIOLATED)
   dout[96]                                                -332.29  (VIOLATED)
   dout[54]                                                -332.03  (VIOLATED)
   dout[29]                                                -331.68  (VIOLATED)
   dout[1]                                                 -331.48  (VIOLATED)
   dout[83]                                                -331.29  (VIOLATED)
   dout[31]                                                -331.18  (VIOLATED)
   dout[41]                                                -331.06  (VIOLATED)
   dout[56]                                                -330.85  (VIOLATED)
   dout[30]                                                -330.54  (VIOLATED)
   dout[70]                                                -330.38  (VIOLATED)
   dout[57]                                                -330.23  (VIOLATED)
   dout[52]                                                -329.29  (VIOLATED)
   dout[4]                                                 -329.07  (VIOLATED)
   dout[9]                                                 -329.01  (VIOLATED)
   dout[120]                                               -328.45  (VIOLATED)
   dout[60]                                                -328.24  (VIOLATED)
   dout[53]                                                -328.18  (VIOLATED)
   dout[77]                                                -328.16  (VIOLATED)
   dout[73]                                                -327.78  (VIOLATED)
   dout[55]                                                -327.27  (VIOLATED)
   dout[51]                                                -327.06  (VIOLATED)
   dout[93]                                                -326.91  (VIOLATED)
   dout[48]                                                -326.77  (VIOLATED)
   dout[111]                                               -326.70  (VIOLATED)
   dout[75]                                                -326.15  (VIOLATED)
   dout[74]                                                -325.95  (VIOLATED)
   dout[10]                                                -325.85  (VIOLATED)
   dout[110]                                               -325.65  (VIOLATED)
   dout[109]                                               -325.60  (VIOLATED)
   dout[17]                                                -325.52  (VIOLATED)
   dout[49]                                                -325.43  (VIOLATED)
   dout[106]                                               -325.40  (VIOLATED)
   dout[50]                                                -325.37  (VIOLATED)
   dout[98]                                                -325.32  (VIOLATED)
   dout[107]                                               -325.23  (VIOLATED)
   dout[20]                                                -325.13  (VIOLATED)
   dout[124]                                               -324.63  (VIOLATED)
   dout[108]                                               -324.21  (VIOLATED)
   dout[79]                                                -324.01  (VIOLATED)
   dout[59]                                                -323.86  (VIOLATED)
   dout[126]                                               -323.85  (VIOLATED)
   dout[28]                                                -323.79  (VIOLATED)
   dout[105]                                               -323.70  (VIOLATED)
   dout[71]                                                -323.28  (VIOLATED)
   dout[68]                                                -323.11  (VIOLATED)
   dout[121]                                               -323.06  (VIOLATED)
   dout[12]                                                -322.51  (VIOLATED)
   dout[125]                                               -322.45  (VIOLATED)
   dout[116]                                               -322.21  (VIOLATED)
   dout[2]                                                 -322.21  (VIOLATED)
   dout[104]                                               -322.05  (VIOLATED)
   dout[123]                                               -321.60  (VIOLATED)
   dout[119]                                               -321.43  (VIOLATED)
   dout[11]                                                -321.37  (VIOLATED)
   dout[65]                                                -321.22  (VIOLATED)
   dout[76]                                                -321.17  (VIOLATED)
   dout[95]                                                -321.09  (VIOLATED)
   dout[112]                                               -320.94  (VIOLATED)
   dout[66]                                                -320.26  (VIOLATED)
   dout[81]                                                -320.19  (VIOLATED)
   dout[118]                                               -320.04  (VIOLATED)
   dout[63]                                                -319.97  (VIOLATED)
   dout[19]                                                -319.92  (VIOLATED)
   dout[25]                                                -319.89  (VIOLATED)
   dout[100]                                               -319.51  (VIOLATED)
   dout[45]                                                -319.45  (VIOLATED)
   dout[122]                                               -318.04  (VIOLATED)
   dout[14]                                                -317.65  (VIOLATED)
   dout[114]                                               -316.93  (VIOLATED)
   dout[62]                                                -316.91  (VIOLATED)
   dout[64]                                                -316.56  (VIOLATED)
   dout[6]                                                 -316.50  (VIOLATED)
   dout[23]                                                -316.28  (VIOLATED)
   dout[5]                                                 -316.26  (VIOLATED)
   dout[69]                                                -315.35  (VIOLATED)
   dout[99]                                                -312.66  (VIOLATED)
   dout[80]                                                -311.53  (VIOLATED)
   dout[67]                                                -310.83  (VIOLATED)
   dout[82]                                                -308.85  (VIOLATED)
   dout[43]                                                -308.43  (VIOLATED)
   dout[21]                                                -308.05  (VIOLATED)
   dout[84]                                                -307.94  (VIOLATED)
   dout[36]                                                -307.47  (VIOLATED)
   flag_ded1                                               -306.94  (VIOLATED)
   dout[33]                                                -306.31  (VIOLATED)
   dout[78]                                                -300.95  (VIOLATED)
   dout[47]                                                -300.44  (VIOLATED)
   dout[46]                                                -300.28  (VIOLATED)
   dout[85]                                                -299.88  (VIOLATED)
   dout[86]                                                -299.38  (VIOLATED)
   dout[42]                                                -299.11  (VIOLATED)
   dout[44]                                                -298.64  (VIOLATED)
   dout[58]                                                -296.70  (VIOLATED)
   dout[27]                                                -294.55  (VIOLATED)
   dout[87]                                                -279.75  (VIOLATED)

   max_delay/setup ('REG2REG' group)

   Endpoint                                                  Slack
   -----------------------------------------------------------------
   fifo1/data_rd_reg_9_/d                                   -73.80  (VIOLATED)
   check_ecc_in0_secded_in0_data_tmp_reg_55_/d              -71.49  (VIOLATED)
   check_ecc_alu0/secded_alu0_data_tmp_reg_122_/d           -69.37  (VIOLATED)
   check_ecc_in0_secded_in0_data_tmp_reg_14_/d              -69.04  (VIOLATED)
   check_ecc_alu0/secded_alu0_data_tmp_reg_91_/d            -68.83  (VIOLATED)
   check_ecc_alu0/secded_alu0_data_tmp_reg_81_/d            -68.24  (VIOLATED)
   check_ecc_alu0/secded_alu0_data_tmp_reg_90_/d            -68.11  (VIOLATED)
   check_ecc_alu0/secded_alu0_data_tmp_reg_93_/d            -67.77  (VIOLATED)
   check_ecc_alu0/secded_alu0_data_tmp_reg_64_/d            -67.54  (VIOLATED)
   check_ecc_in0_secded_in0_data_tmp_reg_11_/d              -67.46  (VIOLATED)
   check_ecc_alu0/secded_alu0_data_tmp_reg_59_/d            -66.80  (VIOLATED)
   check_ecc_alu0/secded_alu0_data_tmp_reg_65_/d            -66.60  (VIOLATED)
   check_ecc_alu0/secded_alu0_data_tmp_reg_80_/d            -66.13  (VIOLATED)
   check_ecc_alu0/secded_alu0_data_tmp_reg_123_/d           -66.12  (VIOLATED)
   check_ecc_in1_secded_in0_data_tmp_reg_44_/d              -65.98  (VIOLATED)
   check_ecc_alu0/secded_alu0_data_tmp_reg_57_/d            -65.40  (VIOLATED)
   check_ecc_in0_secded_in0_data_tmp_reg_52_/d              -65.22  (VIOLATED)
   check_ecc_alu0/secded_alu0_data_tmp_reg_82_/d            -64.70  (VIOLATED)
   check_ecc_alu0/secded_alu0_data_tmp_reg_117_/d           -64.63  (VIOLATED)
   check_ecc_alu0/secded_alu0_data_tmp_reg_94_/d            -64.60  (VIOLATED)
   check_ecc_alu0/secded_alu0_data_tmp_reg_74_/d            -64.49  (VIOLATED)
   check_ecc_alu0/secded_alu0_data_tmp_reg_58_/d            -64.49  (VIOLATED)
   check_ecc_alu0/secded_alu0_data_tmp_reg_75_/d            -64.41  (VIOLATED)
   check_ecc_alu0/secded_alu0_data_tmp_reg_121_/d           -63.41  (VIOLATED)
   check_ecc_alu0/secded_alu0_data_tmp_reg_62_/d            -63.32  (VIOLATED)
   check_ecc_alu0/secded_alu0_data_tmp_reg_88_/d            -63.21  (VIOLATED)
   check_ecc_alu0/secded_alu0_data_tmp_reg_73_/d            -63.17  (VIOLATED)
   check_ecc_alu0/secded_alu0_data_tmp_reg_56_/d            -62.51  (VIOLATED)
   check_ecc_in1_secded_in0_data_tmp_reg_66_/d              -62.50  (VIOLATED)
   check_ecc_alu0/secded_alu0_data_tmp_reg_61_/d            -62.45  (VIOLATED)
   check_ecc_alu0/secded_alu0_data_tmp_reg_79_/d            -62.07  (VIOLATED)
   check_ecc_alu0/secded_alu0_data_tmp_reg_66_/d            -62.04  (VIOLATED)
   check_ecc_alu0/secded_alu0_data_tmp_reg_78_/d            -61.12  (VIOLATED)
   check_ecc_in0_secded_in0_data_tmp_reg_2_/d               -60.85  (VIOLATED)
   check_ecc_alu0/secded_alu0_data_tmp_reg_55_/d            -60.42  (VIOLATED)
   check_ecc_alu0/secded_alu0_data_tmp_reg_89_/d            -59.98  (VIOLATED)
   check_ecc_alu0/secded_alu0_data_tmp_reg_68_/d            -59.80  (VIOLATED)
   check_ecc_alu0/secded_alu0_data_tmp_reg_112_/d           -59.76  (VIOLATED)
   check_ecc_alu0/secded_alu0_data_tmp_reg_127_/d           -59.18  (VIOLATED)
   check_ecc_in1_secded_in0_data_tmp_reg_1_/d               -59.07  (VIOLATED)
   check_ecc_in0_secded_in0_data_tmp_reg_58_/d              -58.88  (VIOLATED)
   check_ecc_alu0/secded_alu0_data_tmp_reg_84_/d            -58.61  (VIOLATED)
   check_ecc_alu0/secded_alu0_data_tmp_reg_85_/d            -58.10  (VIOLATED)
   check_ecc_in1_secded_in0_data_tmp_reg_56_/d              -57.50  (VIOLATED)
   check_ecc_alu0/secded_alu0_data_tmp_reg_2_/d             -57.49  (VIOLATED)
   check_ecc_in1_secded_in0_data_tmp_reg_0_/d               -57.42  (VIOLATED)
   check_ecc_alu0/secded_alu0_data_tmp_reg_95_/d            -57.40  (VIOLATED)
   check_ecc_in1_secded_in0_data_tmp_reg_52_/d              -57.16  (VIOLATED)
   check_ecc_alu0/secded_alu0_data_tmp_reg_15_/d            -56.95  (VIOLATED)
   check_ecc_alu0/secded_alu0_data_tmp_reg_60_/d            -56.76  (VIOLATED)
   check_ecc_in0_secded_in0_data_tmp_reg_45_/d              -56.75  (VIOLATED)
   check_ecc_alu0/secded_alu0_data_tmp_reg_114_/d           -56.64  (VIOLATED)
   check_ecc_alu0/secded_alu0_data_tmp_reg_96_/d            -56.55  (VIOLATED)
   check_ecc_alu0/secded_alu0_data_tmp_reg_87_/d            -56.50  (VIOLATED)
   check_ecc_alu0/secded_alu0_data_tmp_reg_72_/d            -56.14  (VIOLATED)
   check_ecc_in1_secded_in0_data_tmp_reg_36_/d              -56.13  (VIOLATED)
   check_ecc_in1_secded_in0_data_tmp_reg_9_/d               -55.92  (VIOLATED)
   check_ecc_alu0/secded_alu0_data_tmp_reg_97_/d            -55.67  (VIOLATED)
   check_ecc_in0_secded_in0_data_tmp_reg_57_/d              -55.66  (VIOLATED)
   check_ecc_in0_secded_in0_data_tmp_reg_0_/d               -55.62  (VIOLATED)
   check_ecc_in1_secded_in0_data_tmp_reg_41_/d              -55.46  (VIOLATED)
   check_ecc_in1_secded_in0_data_tmp_reg_40_/d              -55.15  (VIOLATED)
   check_ecc_alu0/secded_alu0_data_tmp_reg_76_/d            -55.03  (VIOLATED)
   check_ecc_in1_secded_in0_data_tmp_reg_39_/d              -54.66  (VIOLATED)
   gen_ecc_alu0_ecc_reg_6_/d                                -54.60  (VIOLATED)
   check_ecc_in1_gen_ecc_in0_ecc_reg_1_/d                   -54.51  (VIOLATED)
   check_ecc_alu0/secded_alu0_data_tmp_reg_37_/d            -54.50  (VIOLATED)
   check_ecc_in0_secded_in0_data_tmp_reg_51_/d              -54.24  (VIOLATED)
   check_ecc_alu0/secded_alu0_data_tmp_reg_71_/d            -54.05  (VIOLATED)
   check_ecc_in1_secded_in0_data_tmp_reg_24_/d              -53.94  (VIOLATED)
   check_ecc_in0_secded_in0_data_tmp_reg_53_/d              -53.49  (VIOLATED)
   check_ecc_alu0/gen_ecc_alu0_ecc_reg_8_/d                 -53.40  (VIOLATED)
   check_ecc_in1_secded_in0_data_tmp_reg_59_/d              -53.10  (VIOLATED)
   check_ecc_alu0/gen_ecc_alu0_ecc_reg_3_/d                 -53.00  (VIOLATED)
   check_ecc_in1_secded_in0_data_tmp_reg_29_/d              -52.97  (VIOLATED)
   check_ecc_alu0/secded_alu0_data_tmp_reg_19_/d            -52.93  (VIOLATED)
   check_ecc_alu0/secded_alu0_data_tmp_reg_52_/d            -52.92  (VIOLATED)
   check_ecc_in0_secded_in0_data_tmp_reg_50_/d              -52.91  (VIOLATED)
   check_ecc_alu0/gen_ecc_alu0_ecc_reg_1_/d                 -52.88  (VIOLATED)
   check_ecc_alu0/secded_alu0_data_tmp_reg_46_/d            -52.80  (VIOLATED)
   check_ecc_alu0/secded_alu0_data_tmp_reg_120_/d           -52.77  (VIOLATED)
   check_ecc_alu0/secded_alu0_data_tmp_reg_36_/d            -52.70  (VIOLATED)
   check_ecc_in1_secded_in0_data_tmp_reg_2_/d               -52.65  (VIOLATED)
   check_ecc_alu0/secded_alu0_data_tmp_reg_48_/d            -52.61  (VIOLATED)
   check_ecc_in1_secded_in0_data_tmp_reg_42_/d              -52.55  (VIOLATED)
   check_ecc_alu0/gen_ecc_alu0_ecc_reg_0_/d                 -52.52  (VIOLATED)
   check_ecc_in1_secded_in0_data_tmp_reg_7_/d               -52.30  (VIOLATED)
   fifo2/data_rd_reg_107_/d                                 -52.26  (VIOLATED)
   check_ecc_in1_secded_in0_data_tmp_reg_11_/d              -52.26  (VIOLATED)
   check_ecc_in1_secded_in0_data_tmp_reg_22_/d              -52.16  (VIOLATED)
   check_ecc_alu0/secded_alu0_data_tmp_reg_31_/d            -52.08  (VIOLATED)
   check_ecc_alu0/secded_alu0_data_tmp_reg_69_/d            -52.05  (VIOLATED)
   check_ecc_in0_secded_in0_data_tmp_reg_13_/d              -51.99  (VIOLATED)
   fifo1/data_rd_reg_13_/d                                  -51.86  (VIOLATED)
   check_ecc_alu0/secded_alu0_data_tmp_reg_106_/d           -51.63  (VIOLATED)
   fifo2/data_rd_reg_136_/d                                 -51.55  (VIOLATED)
   check_ecc_in1_secded_in0_data_tmp_reg_54_/d              -51.52  (VIOLATED)
   check_ecc_alu0/secded_alu0_data_tmp_reg_51_/d            -51.44  (VIOLATED)
   check_ecc_in1_gen_ecc_in0_ecc_reg_7_/d                   -51.42  (VIOLATED)
   check_ecc_alu0/secded_alu0_data_tmp_reg_25_/d            -51.26  (VIOLATED)
   check_ecc_in1_secded_in0_data_tmp_reg_53_/d              -51.23  (VIOLATED)
   check_ecc_alu0/secded_alu0_data_tmp_reg_21_/d            -51.06  (VIOLATED)
   fifo0/data_rd_reg_12_/d                                  -50.92  (VIOLATED)
   check_ecc_alu0/secded_alu0_data_tmp_reg_0_/d             -50.92  (VIOLATED)
   check_ecc_alu0/secded_alu0_data_tmp_reg_8_/d             -50.75  (VIOLATED)
   check_ecc_alu0/secded_alu0_data_tmp_reg_124_/d           -50.45  (VIOLATED)
   check_ecc_in1_secded_in0_data_tmp_reg_62_/d              -50.25  (VIOLATED)
   check_ecc_in0_secded_in0_data_tmp_reg_5_/d               -50.23  (VIOLATED)
   check_ecc_in1_secded_in0_data_tmp_reg_31_/d              -50.04  (VIOLATED)
   check_ecc_in0_secded_in0_data_tmp_reg_16_/d              -49.95  (VIOLATED)
   check_ecc_alu0/secded_alu0_data_tmp_reg_109_/d           -49.76  (VIOLATED)
   check_ecc_in0_secded_in0_data_tmp_reg_9_/d               -49.69  (VIOLATED)
   check_ecc_alu0/secded_alu0_data_tmp_reg_18_/d            -49.54  (VIOLATED)
   gen_ecc_alu0_ecc_reg_2_/d                                -49.45  (VIOLATED)
   fifo2/data_rd_reg_51_/d                                  -49.37  (VIOLATED)
   check_ecc_in1_secded_in0_data_tmp_reg_17_/d              -49.29  (VIOLATED)
   check_ecc_alu0/secded_alu0_data_tmp_reg_16_/d            -49.21  (VIOLATED)
   check_ecc_alu0/secded_alu0_data_tmp_reg_40_/d            -49.18  (VIOLATED)
   check_ecc_in0_secded_in0_data_tmp_reg_8_/d               -49.01  (VIOLATED)
   check_ecc_in1_secded_in0_data_tmp_reg_12_/d              -48.92  (VIOLATED)
   check_ecc_alu0/secded_alu0_data_tmp_reg_20_/d            -48.88  (VIOLATED)
   check_ecc_in1_secded_in0_data_tmp_reg_60_/d              -48.87  (VIOLATED)
   check_ecc_in0_secded_in0_data_tmp_reg_15_/d              -48.63  (VIOLATED)
   check_ecc_in1_secded_in0_data_tmp_reg_21_/d              -48.46  (VIOLATED)
   check_ecc_in1_secded_in0_data_tmp_reg_51_/d              -48.45  (VIOLATED)
   check_ecc_alu0/gen_ecc_alu0_ecc_reg_5_/d                 -48.21  (VIOLATED)
   check_ecc_in0_secded_in0_data_tmp_reg_61_/d              -48.09  (VIOLATED)
   check_ecc_alu0/secded_alu0_data_tmp_reg_50_/d            -47.92  (VIOLATED)
   check_ecc_in1_secded_in0_data_tmp_reg_46_/d              -47.90  (VIOLATED)
   check_ecc_alu0/secded_alu0_data_tmp_reg_39_/d            -47.90  (VIOLATED)
   check_ecc_in0_gen_ecc_in0_ecc_reg_2_/d                   -47.81  (VIOLATED)
   check_ecc_in1_secded_in0_data_tmp_reg_58_/d              -47.53  (VIOLATED)
   check_ecc_alu0/secded_alu0_data_tmp_reg_44_/d            -47.18  (VIOLATED)
   check_ecc_in1_secded_in0_data_tmp_reg_19_/d              -47.11  (VIOLATED)
   check_ecc_alu0/secded_alu0_data_tmp_reg_27_/d            -47.07  (VIOLATED)
   check_ecc_in1_secded_in0_data_tmp_reg_4_/d               -46.97  (VIOLATED)
   check_ecc_alu0/secded_alu0_data_tmp_reg_126_/d           -46.87  (VIOLATED)
   check_ecc_alu0/secded_alu0_data_tmp_reg_24_/d            -46.74  (VIOLATED)
   check_ecc_alu0/secded_alu0_data_tmp_reg_77_/d            -46.73  (VIOLATED)
   check_ecc_in1_secded_in0_data_tmp_reg_67_/d              -46.60  (VIOLATED)
   check_ecc_alu0/secded_alu0_data_tmp_reg_14_/d            -46.40  (VIOLATED)
   check_ecc_alu0/secded_alu0_data_tmp_reg_115_/d           -46.35  (VIOLATED)
   check_ecc_in1_secded_in0_data_tmp_reg_35_/d              -46.22  (VIOLATED)
   check_ecc_alu0/secded_alu0_data_tmp_reg_105_/d           -45.87  (VIOLATED)
   check_ecc_in1_secded_in0_data_tmp_reg_28_/d              -45.79  (VIOLATED)
   fifo2/data_rd_reg_99_/d                                  -45.76  (VIOLATED)
   check_ecc_alu0/gen_ecc_alu0_ecc_reg_2_/d                 -45.65  (VIOLATED)
   check_ecc_alu0/secded_alu0_data_tmp_reg_23_/d            -45.56  (VIOLATED)
   check_ecc_alu0/secded_alu0_data_tmp_reg_102_/d           -45.50  (VIOLATED)
   check_ecc_in0_secded_in0_data_tmp_reg_49_/d              -45.44  (VIOLATED)
   check_ecc_in1_secded_in0_data_tmp_reg_48_/d              -45.26  (VIOLATED)
   check_ecc_alu0/secded_alu0_data_tmp_reg_125_/d           -45.20  (VIOLATED)
   alu_core0_tmp_add_reg_53_/d                              -45.05  (VIOLATED)
   check_ecc_alu0/secded_alu0_data_tmp_reg_113_/d           -45.05  (VIOLATED)
   check_ecc_alu0/secded_alu0_data_tmp_reg_103_/d           -45.03  (VIOLATED)
   check_ecc_in1_secded_in0_data_tmp_reg_27_/d              -44.97  (VIOLATED)
   check_ecc_alu0/secded_alu0_data_tmp_reg_43_/d            -44.94  (VIOLATED)
   check_ecc_in1_secded_in0_data_tmp_reg_8_/d               -44.94  (VIOLATED)
   check_ecc_alu0/secded_alu0_data_tmp_reg_98_/d            -44.78  (VIOLATED)
   check_ecc_alu0/secded_alu0_data_tmp_reg_47_/d            -44.65  (VIOLATED)
   check_ecc_in0_secded_in0_data_tmp_reg_21_/d              -44.64  (VIOLATED)
   check_ecc_in1_secded_in0_data_tmp_reg_43_/d              -44.54  (VIOLATED)
   check_ecc_in1_secded_in0_data_tmp_reg_16_/d              -44.46  (VIOLATED)
   check_ecc_alu0/secded_alu0_data_tmp_reg_3_/d             -44.43  (VIOLATED)
   check_ecc_alu0/secded_alu0_data_tmp_reg_11_/d            -44.33  (VIOLATED)
   check_ecc_in1_secded_in0_data_tmp_reg_55_/d              -44.32  (VIOLATED)
   check_ecc_alu0/secded_alu0_data_tmp_reg_30_/d            -44.30  (VIOLATED)
   check_ecc_in0_secded_in0_data_tmp_reg_59_/d              -44.16  (VIOLATED)
   check_ecc_alu0/secded_alu0_data_tmp_reg_110_/d           -44.14  (VIOLATED)
   check_ecc_alu0/secded_alu0_data_tmp_reg_13_/d            -44.09  (VIOLATED)
   check_ecc_in1_secded_in0_data_tmp_reg_50_/d              -43.94  (VIOLATED)
   check_ecc_alu0/secded_alu0_data_tmp_reg_92_/d            -43.85  (VIOLATED)
   check_ecc_in0_secded_in0_data_tmp_reg_62_/d              -43.84  (VIOLATED)
   fifo1/data_rd_reg_8_/d                                   -43.57  (VIOLATED)
   check_ecc_in1_gen_ecc_in0_ecc_reg_4_/d                   -43.49  (VIOLATED)
   check_ecc_alu0/secded_alu0_data_tmp_reg_26_/d            -43.39  (VIOLATED)
   check_ecc_alu0/secded_alu0_data_tmp_reg_101_/d           -43.35  (VIOLATED)
   check_ecc_in1_gen_ecc_in0_ecc_reg_2_/d                   -43.33  (VIOLATED)
   check_ecc_in0_secded_in0_data_tmp_reg_42_/d              -43.32  (VIOLATED)
   check_ecc_in1_secded_in0_data_tmp_reg_32_/d              -43.23  (VIOLATED)
   check_ecc_alu0/secded_alu0_data_tmp_reg_17_/d            -43.22  (VIOLATED)
   check_ecc_in0_secded_in0_data_tmp_reg_54_/d              -43.08  (VIOLATED)
   check_ecc_in0_secded_in0_data_tmp_reg_44_/d              -42.85  (VIOLATED)
   check_ecc_in0_secded_in0_data_tmp_reg_18_/d              -42.85  (VIOLATED)
   check_ecc_alu0/secded_alu0_data_tmp_reg_32_/d            -42.72  (VIOLATED)
   check_ecc_in1_secded_in0_data_tmp_reg_49_/d              -42.68  (VIOLATED)
   check_ecc_alu0/secded_alu0_data_tmp_reg_45_/d            -42.53  (VIOLATED)
   check_ecc_in0_secded_in0_data_tmp_reg_40_/d              -42.47  (VIOLATED)
   check_ecc_in0_secded_in0_data_tmp_reg_46_/d              -42.20  (VIOLATED)
   check_ecc_alu0/secded_alu0_data_tmp_reg_41_/d            -42.00  (VIOLATED)
   check_ecc_alu0/secded_alu0_data_tmp_reg_10_/d            -41.99  (VIOLATED)
   check_ecc_alu0/secded_alu0_data_tmp_reg_104_/d           -41.95  (VIOLATED)
   check_ecc_in0_secded_in0_data_tmp_reg_17_/d              -41.94  (VIOLATED)
   check_ecc_alu0/secded_alu0_data_tmp_reg_9_/d             -41.91  (VIOLATED)
   check_ecc_alu0/secded_alu0_data_tmp_reg_100_/d           -41.87  (VIOLATED)
   check_ecc_alu0/secded_alu0_data_tmp_reg_5_/d             -41.81  (VIOLATED)
   check_ecc_in1_gen_ecc_in0_ecc_reg_0_/d                   -41.80  (VIOLATED)
   check_ecc_in1_secded_in0_data_tmp_reg_15_/d              -41.62  (VIOLATED)
   check_ecc_in1_secded_in0_data_tmp_reg_26_/d              -41.58  (VIOLATED)
   check_ecc_in1_secded_in0_data_tmp_reg_20_/d              -41.55  (VIOLATED)
   check_ecc_alu0/secded_alu0_data_tmp_reg_119_/d           -41.52  (VIOLATED)
   check_ecc_in1_secded_in0_data_tmp_reg_23_/d              -41.49  (VIOLATED)
   check_ecc_in0_secded_in0_data_tmp_reg_60_/d              -41.47  (VIOLATED)
   check_ecc_in1_secded_in0_data_tmp_reg_38_/d              -41.45  (VIOLATED)
   check_ecc_in0_secded_in0_data_tmp_reg_48_/d              -41.39  (VIOLATED)
   check_ecc_alu0/secded_alu0_data_tmp_reg_118_/d           -41.29  (VIOLATED)
   check_ecc_in0_secded_in0_data_tmp_reg_3_/d               -41.24  (VIOLATED)
   check_ecc_in1_secded_in0_data_tmp_reg_6_/d               -41.23  (VIOLATED)
   check_ecc_in0_secded_in0_data_tmp_reg_41_/d              -41.11  (VIOLATED)
   gen_ecc_alu0_ecc_reg_4_/d                                -41.05  (VIOLATED)
   check_ecc_alu0/secded_alu0_data_tmp_reg_107_/d           -40.98  (VIOLATED)
   check_ecc_in1_secded_in0_data_tmp_reg_45_/d              -40.88  (VIOLATED)
   check_ecc_alu0/secded_alu0_data_tmp_reg_54_/d            -40.87  (VIOLATED)
   fifo0/data_rd_reg_42_/d                                  -40.82  (VIOLATED)
   check_ecc_alu0/gen_ecc_alu0_ecc_reg_6_/d                 -40.76  (VIOLATED)
   check_ecc_alu0/secded_alu0_data_tmp_reg_4_/d             -40.63  (VIOLATED)
   check_ecc_in1_secded_in0_data_tmp_reg_57_/d              -40.61  (VIOLATED)
   check_ecc_alu0/secded_alu0_data_tmp_reg_49_/d            -40.54  (VIOLATED)
   check_ecc_in1_secded_in0_data_tmp_reg_68_/d              -40.52  (VIOLATED)
   alu_core0_tmp_add_reg_49_/d                              -40.47  (VIOLATED)
   check_ecc_alu0/secded_alu0_data_tmp_reg_6_/d             -40.40  (VIOLATED)
   alu_core0_tmp_add_reg_59_/d                              -40.39  (VIOLATED)
   check_ecc_alu0/gen_ecc_alu0_ecc_reg_4_/d                 -40.35  (VIOLATED)
   check_ecc_alu0/secded_alu0_data_tmp_reg_12_/d            -39.90  (VIOLATED)
   check_ecc_in1_gen_ecc_in0_ecc_reg_6_/d                   -39.88  (VIOLATED)
   gen_ecc_alu0_ecc_reg_5_/d                                -39.72  (VIOLATED)
   fifo1/data_rd_reg_10_/d                                  -39.62  (VIOLATED)
   check_ecc_alu0/secded_alu0_data_tmp_reg_99_/d            -39.33  (VIOLATED)
   check_ecc_in0_secded_in0_data_tmp_reg_28_/d              -39.32  (VIOLATED)
   check_ecc_alu0/gen_ecc_alu0_ecc_reg_7_/d                 -39.22  (VIOLATED)
   gen_ecc_alu0_ecc_reg_1_/d                                -39.08  (VIOLATED)
   alu_core0_tmp_add_reg_60_/d                              -39.05  (VIOLATED)
   check_ecc_in1_secded_in0_data_tmp_reg_37_/d              -39.05  (VIOLATED)
   check_ecc_alu0/secded_alu0_data_tmp_reg_70_/d            -38.91  (VIOLATED)
   check_ecc_alu0/secded_alu0_data_tmp_reg_111_/d           -38.84  (VIOLATED)
   fifo1/data_rd_reg_11_/d                                  -38.73  (VIOLATED)
   check_ecc_in0_secded_in0_data_tmp_reg_47_/d              -38.66  (VIOLATED)
   check_ecc_in0_secded_in0_data_tmp_reg_36_/d              -38.41  (VIOLATED)
   check_ecc_in1_secded_in0_data_tmp_reg_14_/d              -38.35  (VIOLATED)
   check_ecc_alu0/secded_alu0_data_tmp_reg_116_/d           -38.18  (VIOLATED)
   check_ecc_alu0/secded_alu0_data_tmp_reg_42_/d            -38.14  (VIOLATED)
   check_ecc_in1_secded_in0_data_tmp_reg_25_/d              -38.04  (VIOLATED)
   check_ecc_in0_secded_in0_data_tmp_reg_38_/d              -38.01  (VIOLATED)
   check_ecc_in0_gen_ecc_in0_ecc_reg_3_/d                   -37.82  (VIOLATED)
   gen_ecc_in0_ecc_reg_1_/d                                 -37.75  (VIOLATED)
   alu_core0_tmp_add_reg_64_/d                              -37.74  (VIOLATED)
   check_ecc_alu0/secded_alu0_data_tmp_reg_67_/d            -37.66  (VIOLATED)
   check_ecc_in1_secded_in0_data_tmp_reg_47_/d              -37.66  (VIOLATED)
   check_ecc_in1_secded_in0_data_tmp_reg_30_/d              -37.47  (VIOLATED)
   check_ecc_in1_secded_in0_data_tmp_reg_69_/d              -37.41  (VIOLATED)
   check_ecc_in1_secded_in0_data_tmp_reg_18_/d              -37.41  (VIOLATED)
   check_ecc_alu0/secded_alu0_data_tmp_reg_7_/d             -37.30  (VIOLATED)
   alu_core0_tmp_add_reg_56_/d                              -37.22  (VIOLATED)
   check_ecc_alu0/secded_alu0_data_tmp_reg_108_/d           -37.16  (VIOLATED)
   gen_ecc_in0_ecc_reg_4_/d                                 -37.16  (VIOLATED)
   check_ecc_in0_secded_in0_data_tmp_reg_56_/d              -36.75  (VIOLATED)
   check_ecc_in1_secded_in0_data_tmp_reg_10_/d              -36.74  (VIOLATED)
   check_ecc_in0_gen_ecc_in0_ecc_reg_0_/d                   -36.69  (VIOLATED)
   fifo1/data_rd_reg_14_/d                                  -36.59  (VIOLATED)
   check_ecc_in1_secded_in0_data_tmp_reg_61_/d              -36.56  (VIOLATED)
   fifo0/data_rd_reg_17_/d                                  -36.47  (VIOLATED)
   alu_core0_tmp_add_reg_63_/d                              -36.09  (VIOLATED)
   check_ecc_in0_secded_in0_data_tmp_reg_35_/d              -36.01  (VIOLATED)
   fifo2/data_rd_reg_84_/d                                  -35.86  (VIOLATED)
   check_ecc_in1_secded_in0_data_tmp_reg_64_/d              -35.69  (VIOLATED)
   check_ecc_in1_secded_in0_data_tmp_reg_34_/d              -35.67  (VIOLATED)
   check_ecc_in1_secded_in0_data_tmp_reg_65_/d              -35.59  (VIOLATED)
   gen_ecc_alu0_ecc_reg_0_/d                                -35.47  (VIOLATED)
   gen_ecc_alu0_ecc_reg_7_/d                                -35.46  (VIOLATED)
   check_ecc_alu0/secded_alu0_data_tmp_reg_83_/d            -35.21  (VIOLATED)
   check_ecc_in0_secded_in0_data_tmp_reg_33_/d              -34.98  (VIOLATED)
   check_ecc_in1_secded_in0_data_tmp_reg_70_/d              -34.98  (VIOLATED)
   fifo1/data_rd_reg_23_/d                                  -34.92  (VIOLATED)
   check_ecc_alu0/secded_alu0_data_tmp_reg_38_/d            -34.70  (VIOLATED)
   fifo1/data_rd_reg_1_/d                                   -34.59  (VIOLATED)
   fifo2/data_rd_reg_55_/d                                  -34.35  (VIOLATED)
   fifo1/data_rd_reg_6_/d                                   -34.27  (VIOLATED)
   fifo1/data_rd_reg_2_/d                                   -34.16  (VIOLATED)
   check_ecc_in0_secded_in0_data_rxc_reg_22_/d              -33.75  (VIOLATED)
   check_ecc_in0_secded_in0_data_tmp_reg_10_/d              -33.75  (VIOLATED)
   check_ecc_alu0/secded_alu0_data_tmp_reg_29_/d            -33.72  (VIOLATED)
   check_ecc_in1_secded_in0_data_tmp_reg_33_/d              -33.60  (VIOLATED)
   alu_core0_tmp_add_reg_52_/d                              -33.45  (VIOLATED)
   check_ecc_in0_secded_in0_data_tmp_reg_29_/d              -33.25  (VIOLATED)
   alu_core0_tmp_add_reg_42_/d                              -33.22  (VIOLATED)
   fifo2/data_rd_reg_16_/d                                  -33.21  (VIOLATED)
   check_ecc_alu0/secded_alu0_data_tmp_reg_28_/d            -33.20  (VIOLATED)
   alu_core0_tmp_add_reg_50_/d                              -33.14  (VIOLATED)
   fifo2/data_rd_reg_95_/d                                  -32.96  (VIOLATED)
   alu_core0_tmp_add_reg_57_/d                              -32.91  (VIOLATED)
   check_ecc_in0_secded_in0_data_tmp_reg_26_/d              -32.88  (VIOLATED)
   check_ecc_in0_secded_in0_data_tmp_reg_32_/d              -32.76  (VIOLATED)
   check_ecc_in0_secded_in0_data_tmp_reg_24_/d              -32.68  (VIOLATED)
   check_ecc_in0_secded_in0_data_tmp_reg_30_/d              -32.30  (VIOLATED)
   check_ecc_alu0/secded_alu0_data_tmp_reg_33_/d            -32.26  (VIOLATED)
   check_ecc_in0_secded_in0_data_tmp_reg_34_/d              -32.14  (VIOLATED)
   check_ecc_in1_secded_in0_data_tmp_reg_13_/d              -32.04  (VIOLATED)
   check_ecc_in0_secded_in0_data_tmp_reg_37_/d              -32.01  (VIOLATED)
   check_ecc_in0_secded_in0_data_tmp_reg_6_/d               -31.86  (VIOLATED)
   alu_core0_tmp_add_reg_51_/d                              -31.74  (VIOLATED)
   alu_core0_tmp_add_reg_43_/d                              -31.67  (VIOLATED)
   fifo0/data_rd_reg_61_/d                                  -31.60  (VIOLATED)
   check_ecc_in0_secded_in0_data_tmp_reg_23_/d              -31.56  (VIOLATED)
   check_ecc_alu0/secded_alu0_data_tmp_reg_53_/d            -31.33  (VIOLATED)
   fifo0/data_rd_reg_46_/d                                  -31.22  (VIOLATED)
   fifo2/data_rd_reg_101_/d                                 -30.89  (VIOLATED)
   fifo2/data_rd_reg_83_/d                                  -30.89  (VIOLATED)
   check_ecc_alu0/secded_alu0_data_tmp_reg_22_/d            -30.85  (VIOLATED)
   check_ecc_alu0/secded_alu0_data_tmp_reg_1_/d             -30.62  (VIOLATED)
   gen_ecc_alu0_ecc_reg_8_/d                                -30.59  (VIOLATED)
   check_ecc_in0_gen_ecc_in0_ecc_reg_4_/d                   -30.23  (VIOLATED)
   check_ecc_in0_secded_in0_data_tmp_reg_12_/d              -30.07  (VIOLATED)
   fifo2/data_rd_reg_98_/d                                  -29.77  (VIOLATED)
   fifo0/data_rd_reg_55_/d                                  -29.64  (VIOLATED)
   fifo0/data_rd_reg_9_/d                                   -29.49  (VIOLATED)
   alu_core0_tmp_add_reg_41_/d                              -29.10  (VIOLATED)
   fifo1/data_rd_reg_42_/d                                  -29.01  (VIOLATED)
   check_ecc_in0_secded_in0_data_tmp_reg_20_/d              -28.94  (VIOLATED)
   check_ecc_in0_secded_in0_data_tmp_reg_1_/d               -28.87  (VIOLATED)
   check_ecc_alu0/secded_alu0_data_tmp_reg_86_/d            -28.52  (VIOLATED)
   alu_core0_tmp_add_reg_48_/d                              -28.38  (VIOLATED)
   check_ecc_in0_secded_in0_data_tmp_reg_27_/d              -27.81  (VIOLATED)
   check_ecc_in0_secded_in0_data_tmp_reg_39_/d              -27.77  (VIOLATED)
   fifo2/data_rd_reg_24_/d                                  -27.64  (VIOLATED)
   fifo0/data_rd_reg_28_/d                                  -27.62  (VIOLATED)
   check_ecc_in1_gen_ecc_in0_ecc_reg_5_/d                   -27.57  (VIOLATED)
   check_ecc_in1_secded_in0_data_tmp_reg_5_/d               -27.54  (VIOLATED)
   check_ecc_in0_secded_in0_data_tmp_reg_22_/d              -27.50  (VIOLATED)
   fifo0/data_rd_reg_35_/d                                  -27.48  (VIOLATED)
   check_ecc_in1_secded_in0_data_tmp_reg_63_/d              -27.29  (VIOLATED)
   alu_core0_tmp_add_reg_58_/d                              -27.27  (VIOLATED)
   check_ecc_in0_secded_in0_data_tmp_reg_25_/d              -26.66  (VIOLATED)
   check_ecc_in0_gen_ecc_in0_ecc_reg_1_/d                   -26.05  (VIOLATED)
   check_ecc_in0_secded_in0_data_tmp_reg_19_/d              -25.94  (VIOLATED)
   fifo2/data_rd_reg_106_/d                                 -25.90  (VIOLATED)
   check_ecc_in0_secded_in0_data_tmp_reg_4_/d               -25.62  (VIOLATED)
   fifo0/data_rd_reg_33_/d                                  -25.37  (VIOLATED)
   check_ecc_in0_secded_in0_data_tmp_reg_7_/d               -25.11  (VIOLATED)
   alu_core0_tmp_add_reg_61_/d                              -25.09  (VIOLATED)
   fifo1/data_rd_reg_0_/d                                   -24.84  (VIOLATED)
   check_ecc_alu0/secded_alu0_data_tmp_reg_35_/d            -24.81  (VIOLATED)
   fifo1/data_rd_reg_5_/d                                   -24.45  (VIOLATED)
   fifo2/data_rd_reg_92_/d                                  -23.99  (VIOLATED)
   fifo0/data_rd_reg_36_/d                                  -23.92  (VIOLATED)
   alu_core0_tmp_add_reg_55_/d                              -23.87  (VIOLATED)
   check_ecc_in0_secded_in0_data_rxc_reg_4_/d               -23.70  (VIOLATED)
   check_ecc_in0_secded_in0_data_tmp_reg_43_/d              -23.60  (VIOLATED)
   check_ecc_in1_gen_ecc_in0_ecc_reg_3_/d                   -23.54  (VIOLATED)
   check_ecc_alu0/secded_alu0_data_tmp_reg_128_/d           -22.84  (VIOLATED)
   fifo0/data_rd_reg_30_/d                                  -22.83  (VIOLATED)
   alu_core0_tmp_add_reg_13_/d                              -22.75  (VIOLATED)
   alu_core0_tmp_add_reg_14_/d                              -22.49  (VIOLATED)
   fifo2/data_rd_reg_44_/d                                  -22.43  (VIOLATED)
   fifo2/data_rd_reg_100_/d                                 -22.37  (VIOLATED)
   check_ecc_in0_gen_ecc_in0_ecc_reg_6_/d                   -22.26  (VIOLATED)
   check_ecc_in0_secded_in0_data_tmp_reg_68_/d              -22.18  (VIOLATED)
   fifo1/data_rd_reg_65_/d                                  -22.17  (VIOLATED)
   fifo0/data_rd_reg_32_/d                                  -22.07  (VIOLATED)
   fifo0/data_rd_reg_13_/d                                  -22.06  (VIOLATED)
   fifo0/data_rd_reg_1_/d                                   -21.93  (VIOLATED)
   fifo1/data_rd_reg_3_/d                                   -21.84  (VIOLATED)
   alu_core0_tmp_add_reg_54_/d                              -21.78  (VIOLATED)
   fifo2/data_rd_reg_90_/d                                  -21.50  (VIOLATED)
   check_ecc_in0_gen_ecc_in0_ecc_reg_5_/d                   -21.44  (VIOLATED)
   alu_core0_tmp_add_reg_62_/d                              -21.31  (VIOLATED)
   check_ecc_alu0/secded_alu0_data_tmp_reg_34_/d            -21.18  (VIOLATED)
   fifo0/data_rd_reg_27_/d                                  -21.04  (VIOLATED)
   fifo2/data_rd_reg_133_/d                                 -20.77  (VIOLATED)
   fifo0/data_rd_reg_6_/d                                   -20.61  (VIOLATED)
   alu_core0_tmp_add_reg_44_/d                              -20.60  (VIOLATED)
   fifo2/data_rd_reg_61_/d                                  -20.25  (VIOLATED)
   check_ecc_alu0/secded_alu0_data_tmp_reg_129_/d           -20.15  (VIOLATED)
   alu_core0_tmp_add_reg_46_/d                              -19.98  (VIOLATED)
   fifo0/data_rd_reg_34_/d                                  -19.61  (VIOLATED)
   check_ecc_in1_secded_in0_data_encoded_reg_29_/d          -19.01  (VIOLATED)
   init_mask_alu0_seed1_reg_107_/si                         -18.94  (VIOLATED)
   fifo1/data_rd_reg_63_/d                                  -18.93  (VIOLATED)
   fifo0/data_rd_reg_11_/d                                  -18.84  (VIOLATED)
   alu_core0_tmp_add_reg_47_/d                              -18.84  (VIOLATED)
   check_ecc_in0_secded_in0_data_rxc_reg_14_/d              -18.75  (VIOLATED)
   check_ecc_alu0/secded_alu0_data_tmp_reg_63_/d            -18.60  (VIOLATED)
   fifo1/data_rd_reg_35_/d                                  -18.58  (VIOLATED)
   gen_ecc_in0_ecc_reg_5_/d                                 -18.50  (VIOLATED)
   fifo0/addr_rd_reg_3_/d                                   -18.38  (VIOLATED)
   fifo2/data_rd_reg_113_/d                                 -18.38  (VIOLATED)
   fifo0/data_rd_reg_44_/d                                  -18.25  (VIOLATED)
   fifo0/data_rd_reg_38_/d                                  -17.93  (VIOLATED)
   check_ecc_in1_secded_in0_data_tmp_reg_3_/d               -17.84  (VIOLATED)
   check_ecc_alu0/secded_alu0_data_rxc_reg_63_/d            -17.78  (VIOLATED)
   check_ecc_in0_secded_in0_data_tmp_reg_31_/d              -17.29  (VIOLATED)
   check_ecc_in0_secded_in0_data_tmp_reg_63_/d              -17.19  (VIOLATED)
   fifo2/data_rd_reg_110_/d                                 -17.14  (VIOLATED)
   fifo2/data_rd_reg_45_/d                                  -17.03  (VIOLATED)
   gen_ecc_in0_ecc_reg_2_/d                                 -16.94  (VIOLATED)
   check_ecc_in0_secded_in0_data_tmp_reg_69_/d              -16.84  (VIOLATED)
   fifo0/data_rd_reg_63_/d                                  -16.76  (VIOLATED)
   check_ecc_in0_secded_in0_data_tmp_reg_67_/d              -16.70  (VIOLATED)
   gen_ecc_in1_ecc_reg_4_/d                                 -16.36  (VIOLATED)
   check_ecc_in0_secded_in0_data_rxc_reg_6_/d               -16.19  (VIOLATED)
   fifo1/data_rd_reg_59_/d                                  -16.18  (VIOLATED)
   check_ecc_in0_secded_in0_data_rxc_reg_19_/d              -16.05  (VIOLATED)
   check_ecc_in0_secded_in0_data_rxc_reg_49_/d              -16.02  (VIOLATED)
   alu_core0_tmp_add_reg_15_/d                              -15.95  (VIOLATED)
   alu_core0_tmp_add_reg_45_/d                              -15.90  (VIOLATED)
   gen_ecc_alu0_ecc_reg_3_/d                                -15.53  (VIOLATED)
   alu_core0_tmp_add_reg_23_/d                              -15.53  (VIOLATED)
   fifo2/data_rd_reg_115_/d                                 -15.41  (VIOLATED)
   fifo0/data_rd_reg_26_/d                                  -15.35  (VIOLATED)
   alu_core0_tmp_add_reg_25_/d                              -15.27  (VIOLATED)
   fifo2/data_rd_reg_109_/d                                 -15.22  (VIOLATED)
   fifo1/data_rd_reg_40_/d                                  -15.12  (VIOLATED)
   fifo2/data_rd_reg_72_/d                                  -15.01  (VIOLATED)
   check_ecc_in0_gen_ecc_in0_ecc_reg_7_/d                   -14.88  (VIOLATED)
   fifo2/data_rd_reg_105_/d                                 -14.63  (VIOLATED)
   fifo2/data_rd_reg_41_/d                                  -14.59  (VIOLATED)
   check_ecc_in0_secded_in0_data_tmp_reg_65_/d              -14.49  (VIOLATED)
   check_ecc_in0_secded_in0_data_rxc_reg_7_/d               -14.47  (VIOLATED)
   fifo0/data_rd_reg_16_/d                                  -14.31  (VIOLATED)
   fifo2/data_rd_reg_43_/d                                  -14.08  (VIOLATED)
   gen_ecc_in0_ecc_reg_3_/d                                 -14.04  (VIOLATED)
   fifo2/data_rd_reg_112_/d                                 -13.83  (VIOLATED)
   alu_core0_tmp_add_reg_22_/d                              -13.52  (VIOLATED)
   fifo1/data_rd_reg_4_/d                                   -13.49  (VIOLATED)
   check_ecc_in0_secded_in0_data_rxc_reg_11_/d              -13.24  (VIOLATED)
   fifo0/data_rd_reg_21_/d                                  -12.92  (VIOLATED)
   check_ecc_in0_secded_in0_data_tmp_reg_66_/d              -12.71  (VIOLATED)
   fifo2/data_rd_reg_37_/d                                  -12.60  (VIOLATED)
   fifo2/data_rd_reg_59_/d                                  -12.53  (VIOLATED)
   init_mask_alu0_seed4_reg_108_/si                         -12.38  (VIOLATED)
   check_ecc_in0_secded_in0_data_tmp_reg_70_/d              -12.32  (VIOLATED)
   fifo0/data_rd_reg_31_/d                                  -12.30  (VIOLATED)
   fifo2/data_rd_reg_114_/d                                 -12.12  (VIOLATED)
   fifo0/data_rd_reg_18_/d                                  -11.96  (VIOLATED)
   fifo1/data_rd_reg_38_/d                                  -11.87  (VIOLATED)
   fifo2/data_rd_reg_18_/d                                  -11.72  (VIOLATED)
   fifo0/data_rd_reg_41_/d                                  -11.68  (VIOLATED)
   fifo0/data_rd_reg_5_/d                                   -11.44  (VIOLATED)
   init_mask_alu0_seed4_reg_71_/si                          -11.42  (VIOLATED)
   fifo2/data_rd_reg_65_/d                                  -11.40  (VIOLATED)
   fifo2/data_rd_reg_42_/d                                  -11.22  (VIOLATED)
   init_mask_in0_seed1_reg_60_/si                           -11.06  (VIOLATED)
   fifo1/data_rd_reg_17_/d                                  -10.93  (VIOLATED)
   fifo0/data_rd_reg_8_/d                                   -10.76  (VIOLATED)
   fifo0/data_rd_reg_4_/d                                   -10.68  (VIOLATED)
   fifo1/data_rd_reg_66_/d                                  -10.53  (VIOLATED)
   fifo2/data_rd_reg_119_/d                                 -10.40  (VIOLATED)
   fifo2/data_rd_reg_120_/d                                 -10.14  (VIOLATED)
   alu_core0_tmp_add_reg_40_/d                               -9.94  (VIOLATED)
   fifo1/data_rd_reg_28_/d                                   -9.79  (VIOLATED)
   fifo2/data_rd_reg_4_/d                                    -9.69  (VIOLATED)
   alu_core0_tmp_add_reg_29_/d                               -9.63  (VIOLATED)
   fifo1/data_rd_reg_51_/d                                   -9.62  (VIOLATED)
   check_ecc_alu0/secded_alu0_data_tmp_reg_130_/d            -9.57  (VIOLATED)
   fifo0/data_rd_reg_56_/d                                   -9.41  (VIOLATED)
   fifo2/data_rd_reg_66_/d                                   -9.19  (VIOLATED)
   fifo0/data_rd_reg_3_/d                                    -8.84  (VIOLATED)
   fifo1/data_rd_reg_56_/d                                   -8.75  (VIOLATED)
   check_ecc_in0_secded_in0_data_rxc_reg_3_/d                -8.62  (VIOLATED)
   fifo2/data_rd_reg_121_/d                                  -8.48  (VIOLATED)
   fifo1/data_rd_reg_71_/d                                   -8.48  (VIOLATED)
   fifo2/data_rd_reg_19_/d                                   -8.45  (VIOLATED)
   fifo2/data_rd_reg_81_/d                                   -8.31  (VIOLATED)
   fifo1/data_rd_reg_49_/d                                   -8.28  (VIOLATED)
   fifo2/data_rd_reg_108_/d                                  -8.26  (VIOLATED)
   fifo2/data_rd_reg_14_/d                                   -8.20  (VIOLATED)
   fifo0/data_rd_reg_59_/d                                   -8.16  (VIOLATED)
   fifo1/data_rd_reg_64_/d                                   -8.15  (VIOLATED)
   fifo0/data_rd_reg_71_/d                                   -7.63  (VIOLATED)
   check_ecc_alu0/secded_alu0_data_rxc_reg_42_/d             -7.60  (VIOLATED)
   check_ecc_in0_secded_in0_data_encoded_reg_8_/d            -7.60  (VIOLATED)
   fifo1/data_rd_reg_44_/d                                   -7.58  (VIOLATED)
   fifo0/data_rd_reg_22_/d                                   -7.56  (VIOLATED)
   fifo2/data_rd_reg_127_/d                                  -7.55  (VIOLATED)
   fifo1/data_rd_reg_15_/d                                   -7.49  (VIOLATED)
   fifo0/data_rd_reg_48_/d                                   -7.48  (VIOLATED)
   check_ecc_alu0/secded_alu0_data_tmp_reg_133_/d            -7.43  (VIOLATED)
   fifo2/data_rd_reg_49_/d                                   -7.32  (VIOLATED)
   alu_core0_tmp_add_reg_28_/d                               -7.30  (VIOLATED)
   check_ecc_alu0/secded_alu0_data_rxc_reg_46_/d             -7.30  (VIOLATED)
   fifo0/data_rd_reg_20_/d                                   -7.20  (VIOLATED)
   fifo0/data_rd_reg_25_/d                                   -7.15  (VIOLATED)
   check_ecc_in0_secded_in0_data_rxc_reg_13_/d               -7.03  (VIOLATED)
   fifo0/data_rd_reg_14_/d                                   -6.98  (VIOLATED)
   fifo2/data_rd_reg_28_/d                                   -6.93  (VIOLATED)
   fifo2/data_rd_reg_46_/d                                   -6.89  (VIOLATED)
   alu_core0_tmp_add_reg_17_/d                               -6.81  (VIOLATED)
   fifo2/data_rd_reg_56_/d                                   -6.74  (VIOLATED)
   fifo2/data_rd_reg_15_/d                                   -6.70  (VIOLATED)
   fifo1/data_rd_reg_24_/d                                   -6.60  (VIOLATED)
   fifo2/data_rd_reg_78_/d                                   -6.56  (VIOLATED)
   fifo0/data_rd_reg_29_/d                                   -6.53  (VIOLATED)
   gen_ecc_in0_ecc_reg_0_/d                                  -6.50  (VIOLATED)
   check_ecc_alu0/secded_alu0_data_tmp_reg_132_/d            -6.41  (VIOLATED)
   fifo0/data_rd_reg_69_/d                                   -6.34  (VIOLATED)
   fifo2/data_rd_reg_1_/d                                    -5.92  (VIOLATED)
   init_mask_alu0_seed4_reg_73_/si                           -5.88  (VIOLATED)
   fifo0/data_rd_reg_0_/d                                    -5.81  (VIOLATED)
   check_ecc_in0_secded_in0_data_tmp_reg_64_/d               -5.49  (VIOLATED)
   check_ecc_in0_secded_in0_data_rxc_reg_10_/d               -5.41  (VIOLATED)
   fifo0/data_rd_reg_7_/d                                    -5.35  (VIOLATED)
   fifo2/data_rd_reg_20_/d                                   -5.25  (VIOLATED)
   fifo2/data_rd_reg_23_/d                                   -5.25  (VIOLATED)
   fifo2/data_rd_reg_135_/d                                  -5.24  (VIOLATED)
   fifo1/data_rd_reg_32_/d                                   -5.17  (VIOLATED)
   alu_core0_tmp_add_reg_9_/d                                -5.10  (VIOLATED)
   fifo0/data_rd_reg_65_/d                                   -5.09  (VIOLATED)
   fifo1/data_rd_reg_50_/d                                   -4.89  (VIOLATED)
   fifo1/data_rd_reg_58_/d                                   -4.86  (VIOLATED)
   fifo0/data_mem_reg_22__62_/si                             -4.78  (VIOLATED)
   fifo2/data_rd_reg_71_/d                                   -4.71  (VIOLATED)
   fifo1/data_rd_reg_7_/d                                    -4.66  (VIOLATED)
   fifo0/data_rd_reg_54_/d                                   -4.55  (VIOLATED)
   fifo0/data_rd_reg_15_/d                                   -4.40  (VIOLATED)
   fifo2/data_rd_reg_96_/d                                   -4.39  (VIOLATED)
   fifo2/data_rd_reg_97_/d                                   -4.15  (VIOLATED)
   fifo0/data_rd_reg_37_/d                                   -3.89  (VIOLATED)
   check_ecc_alu0/secded_alu0_data_rxc_reg_86_/d             -3.88  (VIOLATED)
   alu_core0_tmp_add_reg_34_/d                               -3.84  (VIOLATED)
   fifo0/data_rd_reg_19_/d                                   -3.81  (VIOLATED)
   fifo2/data_rd_reg_64_/d                                   -3.70  (VIOLATED)
   fifo0/data_rd_reg_57_/d                                   -3.70  (VIOLATED)
   check_ecc_alu0/secded_alu0_data_tmp_reg_131_/d            -3.70  (VIOLATED)
   fifo1/addr_wr_reg_4_/d                                    -3.66  (VIOLATED)
   fifo2/data_rd_reg_17_/d                                   -3.57  (VIOLATED)
   check_ecc_alu0/secded_alu0_data_rxc_reg_92_/d             -3.57  (VIOLATED)
   fifo1/data_rd_reg_52_/d                                   -3.53  (VIOLATED)
   check_ecc_alu0/secded_alu0_data_rxc_reg_56_/d             -3.50  (VIOLATED)
   fifo0/data_rd_reg_64_/d                                   -3.45  (VIOLATED)
   fifo2/data_rd_reg_70_/d                                   -3.38  (VIOLATED)
   fifo1/data_rd_reg_30_/d                                   -3.12  (VIOLATED)
   init_mask_in0_seed1_reg_62_/si                            -3.01  (VIOLATED)
   check_ecc_alu0/secded_alu0_data_rxc_reg_54_/d             -2.95  (VIOLATED)
   init_mask_alu0_seed4_reg_68_/si                           -2.75  (VIOLATED)
   fifo2/data_rd_reg_79_/d                                   -2.67  (VIOLATED)
   fifo2/data_rd_reg_7_/d                                    -2.64  (VIOLATED)
   check_ecc_alu0/secded_alu0_data_encoded_reg_54_/d         -2.37  (VIOLATED)
   fifo2/data_rd_reg_36_/d                                   -2.15  (VIOLATED)
   fifo2/data_rd_reg_25_/d                                   -2.12  (VIOLATED)
   check_ecc_in0_secded_in0_data_rxc_reg_2_/d                -2.02  (VIOLATED)
   check_ecc_in0_secded_in0_data_rxc_reg_21_/d               -2.02  (VIOLATED)
   check_ecc_in0_secded_in0_data_rxc_reg_8_/d                -1.89  (VIOLATED)
   fifo1/data_rd_reg_36_/d                                   -1.80  (VIOLATED)
   check_ecc_alu0/secded_alu0_data_tmp_reg_135_/d            -1.70  (VIOLATED)
   fifo2/data_rd_reg_122_/d                                  -1.53  (VIOLATED)
   fifo2/data_rd_reg_94_/d                                   -1.47  (VIOLATED)
   fifo1/data_rd_reg_37_/d                                   -1.45  (VIOLATED)
   fifo0/data_rd_reg_68_/d                                   -1.42  (VIOLATED)
   fifo0/data_rd_reg_52_/d                                   -1.33  (VIOLATED)
   fifo1/data_rd_reg_41_/d                                   -1.07  (VIOLATED)
   fifo2/data_rd_reg_77_/d                                   -0.85  (VIOLATED)
   fifo0/data_rd_reg_43_/d                                   -0.82  (VIOLATED)
   fifo0/data_rd_reg_70_/d                                   -0.81  (VIOLATED)
   check_ecc_alu0/secded_alu0_data_rxc_reg_79_/d             -0.78  (VIOLATED)
   check_ecc_alu0/secded_alu0_data_rxc_reg_112_/d            -0.78  (VIOLATED)
   fifo0/data_mem_reg_8__46_/si                              -0.73  (VIOLATED)
   fifo0/data_mem_reg_31__58_/si                             -0.68  (VIOLATED)
   fifo2/data_rd_reg_29_/d                                   -0.64  (VIOLATED)
   fifo2/data_rd_reg_67_/d                                   -0.59  (VIOLATED)
   fifo2/data_rd_reg_62_/d                                   -0.58  (VIOLATED)
   fifo2/data_rd_reg_89_/d                                   -0.32  (VIOLATED)
   init_mask_alu0_seed4_reg_72_/si                           -0.22  (VIOLATED)
   fifo2/data_rd_reg_21_/d                                   -0.15  (VIOLATED)
   alu_core0_tmp_add_reg_31_/d                               -0.14  (VIOLATED)
   fifo1/data_rd_reg_70_/d                                   -0.01  (VIOLATED)


1
